// Jest Snapshot v1, https://goo.gl/fbAQLP

exports[`renders tracks section of profile setting page correctly 1`] = `
<div
  className="settings-section"
>
  <div
    className="section-info"
  >
    <h2>
      Tracks
    </h2>
    <div
      className="description"
    >
      Topcoder's three categories of challenges... please pick at least one based on your skills and interests.
    </div>
  </div>
  <div
    className="section-fields"
  >
    <div
      className="src-shared-components-Settings-Profile-Tracks-___styles__track-toggle___OB_8P"
    >
      <div
        className="src-shared-components-Settings-Profile-Tracks-___styles__track___2c2sB"
      >
        <div
          className="src-shared-components-Settings-Profile-Tracks-___styles__content___2vWqc src-shared-components-Settings-Profile-Tracks-___styles__disabled___1rvBf"
        >
          <div
            className="src-shared-components-Settings-Profile-Tracks-___styles__track-details___3lh6X"
          >
            <div
              className="src-shared-components-Settings-Profile-Tracks-___styles__icon___CfGY1 src-shared-components-Settings-Profile-Tracks-___styles__disabled___1rvBf"
            >
              <svg>
                <title>
                  ico-track-design-grey
                </title>
                <g
                  fill="none"
                  fillRule="evenodd"
                  stroke="#A3A3AE"
                  strokeLinecap="round"
                  strokeLinejoin="round"
                  strokeWidth="1.2"
                >
                  <path
                    d="M11.045 17.327L24.823 3.602a3.776 3.776 0 1 1 5.34 5.34L16.386 22.669l-5.34-5.34zM10.686 23.195c-1.621-1.62-4.237-1.633-5.842-.027-1.026 1.025-1.164 2.298-1.152 3.363.012 1.052-.74 2.014-2.578 2.045 2.581 2.58 7.077 2.985 9.6.462 1.7-1.7 1.45-4.365-.028-5.843zM12.608 5.204L9.404 8.41M27.562 20.158l-3.205 3.204M19.135 26.685a1735309.675 1735309.675 0 0 1 4.154 4.154l7.477-7.477s-4.544-4.862-4.751-5.078M14.55 7.134L9.405 2 1.927 9.477l4.034 4.034"
                  />
                </g>
              </svg>
            </div>
            <div
              className="src-shared-components-Settings-Profile-Tracks-___styles__text___2txAw"
            >
              <span
                className="src-shared-components-Settings-Profile-Tracks-___styles__title___2dRZk src-shared-components-Settings-Profile-Tracks-___styles__disabled___1rvBf"
              >
                Design
              </span>
              <div
                className="src-shared-components-Settings-Profile-Tracks-___styles__description___1TAW2"
              >
                <span>
                  Website, mobile, and product design; UI and UX
                </span>
              </div>
            </div>
          </div>
          <div
            className="onoffswitch"
          >
            <input
              className="onoffswitch-checkbox"
              defaultChecked={false}
              id="DESIGN-onoffswitch-DESIGN"
              name="onoffswitch"
              onChange={[Function]}
              type="checkbox"
              value="DESIGN"
            />
            <label
              className="onoffswitch-label"
              htmlFor="DESIGN-onoffswitch-DESIGN"
            >
              <span
                className="onoffswitch-inner"
              />
              <span
                className="onoffswitch-switch"
              />
            </label>
          </div>
        </div>
      </div>
      <div
        className="src-shared-components-Settings-Profile-Tracks-___styles__track___2c2sB"
      >
        <div
          className="src-shared-components-Settings-Profile-Tracks-___styles__content___2vWqc"
        >
          <div
            className="src-shared-components-Settings-Profile-Tracks-___styles__track-details___3lh6X"
          >
            <div
              className="src-shared-components-Settings-Profile-Tracks-___styles__icon___CfGY1"
            >
              <svg>
                <title>
                  ico-track-develop
                </title>
                <g
                  fill="none"
                  fillRule="evenodd"
                  stroke="#05C14F"
                  strokeLinecap="round"
                  strokeLinejoin="round"
                  strokeWidth="1.2"
                >
                  <path
                    d="M13.5 30.5h-11v-8h11v8zM13.141 6.065h10.355v3.27M14.35 26.893h9.209v-4.231M12.714 6.357a5.357 5.357 0 1 1-10.713 0 5.357 5.357 0 0 1 10.713 0z"
                  />
                  <path
                    d="M23.526 9.123l-6.867 6.867 6.867 6.867 6.867-6.867-6.867-6.867z"
                  />
                </g>
              </svg>
            </div>
            <div
              className="src-shared-components-Settings-Profile-Tracks-___styles__text___2txAw"
            >
              <span
                className="src-shared-components-Settings-Profile-Tracks-___styles__title___2dRZk"
              >
                Development
              </span>
              <div
                className="src-shared-components-Settings-Profile-Tracks-___styles__description___1TAW2"
              >
                <span>
                  Software architecture, component assembly, application development, and bug hunting
                </span>
              </div>
            </div>
          </div>
          <div
            className="onoffswitch"
          >
            <input
              className="onoffswitch-checkbox"
              defaultChecked={true}
              id="DESIGN-onoffswitch-DEVELOP"
              name="onoffswitch"
              onChange={[Function]}
              type="checkbox"
              value="DEVELOP"
            />
            <label
              className="onoffswitch-label"
              htmlFor="DESIGN-onoffswitch-DEVELOP"
            >
              <span
                className="onoffswitch-inner"
              />
              <span
                className="onoffswitch-switch"
              />
            </label>
          </div>
        </div>
      </div>
      <div
        className="src-shared-components-Settings-Profile-Tracks-___styles__track___2c2sB"
      >
        <div
          className="src-shared-components-Settings-Profile-Tracks-___styles__content___2vWqc src-shared-components-Settings-Profile-Tracks-___styles__disabled___1rvBf"
        >
          <div
            className="src-shared-components-Settings-Profile-Tracks-___styles__track-details___3lh6X"
          >
            <div
              className="src-shared-components-Settings-Profile-Tracks-___styles__icon___CfGY1 src-shared-components-Settings-Profile-Tracks-___styles__disabled___1rvBf"
            >
              <svg>
                <title>
                  ico-track-data-grey
                </title>
                <g
                  fill="none"
                  fillRule="evenodd"
                  stroke="#A3A3AE"
                  strokeLinecap="round"
                  strokeLinejoin="round"
                  strokeWidth="1.2"
                >
                  <path
                    d="M9.488 3.857C9.488 2.28 10.755 1 12.318 1c1.562 0 2.828 1.28 2.828 2.857 0 1.578-1.266 2.857-2.829 2.857-1.562 0-2.83-1.279-2.83-2.857zM24.341 9.571c0-1.577 1.267-2.857 2.83-2.857 1.562 0 2.829 1.28 2.829 2.857 0 1.578-1.267 2.858-2.83 2.858-1.562 0-2.829-1.28-2.829-2.858zM1 19.215c0-1.578 1.267-2.857 2.83-2.857 1.562 0 2.829 1.279 2.829 2.857 0 1.578-1.267 2.857-2.83 2.857-1.562 0-2.829-1.28-2.829-2.857zM13.024 27.786c0-1.578 1.267-2.857 2.83-2.857 1.562 0 2.829 1.28 2.829 2.857 0 1.578-1.267 2.857-2.83 2.857-1.562 0-2.829-1.279-2.829-2.857zM24.341 22.072c0-1.578 1.267-2.857 2.83-2.857 1.562 0 2.829 1.28 2.829 2.857 0 1.578-1.267 2.857-2.83 2.857-1.562 0-2.829-1.28-2.829-2.857zM5.598 16.268l5.481-9.643M27.082 19.125v-6.429M15.677 24.839l-2.83-17.768M25.049 20.017L14.35 6.267M18.771 26.803l5.836-3.303M6.924 18.232L24.607 11"
                  />
                </g>
              </svg>
            </div>
            <div
              className="src-shared-components-Settings-Profile-Tracks-___styles__text___2txAw"
            >
              <span
                className="src-shared-components-Settings-Profile-Tracks-___styles__title___2dRZk src-shared-components-Settings-Profile-Tracks-___styles__disabled___1rvBf"
              >
                Data Science
              </span>
              <div
                className="src-shared-components-Settings-Profile-Tracks-___styles__description___1TAW2"
              >
                <span>
                  Algorithms and data structures, statistical analysis
                </span>
              </div>
            </div>
          </div>
          <div
            className="onoffswitch"
          >
            <input
              className="onoffswitch-checkbox"
              defaultChecked={false}
              id="DESIGN-onoffswitch-DATA_SCIENCE"
              name="onoffswitch"
              onChange={[Function]}
              type="checkbox"
              value="DATA_SCIENCE"
            />
            <label
              className="onoffswitch-label"
              htmlFor="DESIGN-onoffswitch-DATA_SCIENCE"
            >
              <span
                className="onoffswitch-inner"
              />
              <span
                className="onoffswitch-switch"
              />
            </label>
          </div>
        </div>
      </div>
    </div>
  </div>
</div>
`;
