// Jest Snapshot v1, https://goo.gl/fbAQLP

exports[`matches snapshots 1`] = `
<div>
  <h1>
    Fonts Test
  </h1>
  <p>
    This is a simple showcase of the fonts included into this repo, and a test of their proper packing into the bundle.
  </p>
  <div
    className="src-shared-components-examples-FontsTest-___styles__roboto-thin___3b7Ac"
  >
    <h3>
      Roboto Thin
    </h3>
    Lorem ipsum dolor sit amet, consectetur adipiscing elit. Maecenas semper consectetur dui, nec scelerisque lectus hendrerit a. Curabitur eget imperdiet orci. Sed non tincidunt turpis, laoreet fringilla nisl. Suspendisse tincidunt ligula arcu, nec hendrerit erat ultricies et. Nam elit nisl, pharetra in leo a, posuere facilisis lacus. Vivamus mollis est ac justo pulvinar iaculis sed ac ex. Cras et maximus enim, eget posuere ante. Cras in viverra quam. Sed lacinia rutrum semper. Praesent mollis turpis elit, vel feugiat nisl sollicitudin nec. Cras ex quam, facilisis eu placerat ac, vehicula a nulla. Vivamus et tellus in est hendrerit rhoncus et a leo. Donec dui lorem, laoreet nec malesuada sed, dictum ut elit. Nullam pretium augue vel odio ultrices, ut commodo lacus imperdiet. Integer maximus imperdiet odio, non dignissim lorem sollicitudin nec. Sed sed cursus metus.
  </div>
  <div
    className="src-shared-components-examples-FontsTest-___styles__roboto-thin-italic___rSFQ3"
  >
    <h3>
      Roboto Thin Italic
    </h3>
    Praesent quam arcu, ultricies et dolor sed, interdum gravida nibh. Proin scelerisque porttitor nibh, nec finibus nibh interdum sit amet. Duis luctus sapien nec velit sollicitudin convallis. Ut eget neque vel nibh lacinia commodo. In ut lorem id quam molestie blandit. Integer in nunc cursus, suscipit sem id, accumsan mi. Sed luctus, quam sit amet fringilla feugiat, nisl lacus pretium nunc, et elementum est odio et risus. Praesent quis cursus urna. Ut orci elit, rutrum id accumsan luctus, cursus sed dui. Phasellus lorem urna, mattis et mauris sit amet, tristique hendrerit sapien.
  </div>
  <div
    className="src-shared-components-examples-FontsTest-___styles__roboto-light___1sso-"
  >
    <h3>
      Roboto Light
    </h3>
    Sed nec dolor blandit, commodo arcu in, tincidunt nulla. In in odio id arcu luctus aliquet non in mi. Ut efficitur, lorem eget mollis tempus, ligula purus varius massa, a malesuada diam urna placerat leo. Sed quis diam ullamcorper, fringilla augue sed, hendrerit felis. Sed eget felis ac nulla feugiat gravida. Donec a sem lobortis, pulvinar nibh eu, convallis magna. Suspendisse tempus tincidunt dolor, id blandit est lacinia eu. Nam fermentum, sapien at dictum consectetur, felis neque mollis libero, at auctor nunc nunc eu tellus. Maecenas ultrices at neque eget tincidunt. Nullam vel consequat nunc, eget efficitur quam. Nam nec elit vitae metus cursus eleifend semper aliquet diam.
  </div>
  <div
    className="src-shared-components-examples-FontsTest-___styles__roboto-light-italic___2AX5p"
  >
    <h3>
      Roboto Light Italic
    </h3>
    Nulla suscipit dui et placerat vulputate. Nunc et tempus neque, eget elementum elit. Integer vitae dignissim tellus, et venenatis nulla. Vivamus non lacus et ipsum imperdiet interdum tempus ullamcorper leo. Phasellus tempus magna imperdiet sagittis viverra. Curabitur varius elementum auctor. Nullam quam nisl, vestibulum et magna pharetra, vestibulum placerat leo. Aliquam faucibus maximus urna, sed mattis ex pretium in. Nam eu enim vitae massa vestibulum iaculis. Quisque nec risus varius, eleifend urna non, ornare est. Curabitur gravida tempus eros, posuere pellentesque magna euismod sed. Donec sed justo ut dolor accumsan gravida vitae nec neque. Proin ac tellus dui. Integer ac euismod massa.
  </div>
  <div
    className="src-shared-components-examples-FontsTest-___styles__roboto-regular___2JlpX"
  >
    <h3>
      Roboto Regular
    </h3>
    Morbi a urna maximus, imperdiet ante id, rutrum sem. Nunc fermentum ante sodales convallis placerat. Donec eleifend, metus eget congue semper, lorem nibh vehicula velit, eu sollicitudin mi orci eget purus. Pellentesque accumsan fermentum arcu et hendrerit. Donec non porta purus. Vivamus eu venenatis sapien. Nullam et mi at eros finibus ultrices eget sit amet est. Curabitur non diam ornare est dapibus tempor a ut turpis. Nulla ut nibh metus. Vivamus hendrerit turpis nisl, eget fermentum nulla egestas quis.
  </div>
  <div
    className="src-shared-components-examples-FontsTest-___styles__roboto-regular-italic___2N1O3"
  >
    <h3>
      Roboto Regular Italic
    </h3>
    Nam vel ligula in ipsum condimentum sodales. Praesent id lorem tortor. In vel condimentum leo, nec rhoncus elit. Sed accumsan metus vitae diam ultricies, eu vestibulum metus pretium. Nullam congue, purus a tempor venenatis, leo dui blandit nibh, nec fermentum ante eros ac ipsum. Maecenas id neque ligula. Ut vitae faucibus lectus, vel tempus ipsum. Donec ut erat lobortis, vestibulum enim vel, scelerisque turpis. Aliquam ornare velit at elementum euismod.
  </div>
  <div
    className="src-shared-components-examples-FontsTest-___styles__roboto-medium___2SSVi"
  >
    <h3>
      Roboto Medium
    </h3>
    Ut laoreet rhoncus vulputate. Quisque elementum quam justo, ac eleifend mauris viverra eget. Nunc sit amet commodo est. Nullam scelerisque elit ac porttitor finibus. Sed laoreet urna non enim molestie, iaculis suscipit felis commodo. Vestibulum gravida ante porttitor urna hendrerit, quis dapibus sem viverra. Praesent consectetur risus ac finibus varius. Ut commodo felis vel laoreet ornare. Donec imperdiet sagittis efficitur. Nunc in dui id ligula blandit vehicula a id leo. In pulvinar felis eget tortor pretium pulvinar. Integer a mi a justo sagittis finibus ac eget nisl. In eu dictum lectus, eu accumsan purus.
  </div>
  <div
    className="src-shared-components-examples-FontsTest-___styles__roboto-medium-italic___2isK-"
  >
    <h3>
      Roboto Medium Italic
    </h3>
    Class aptent taciti sociosqu ad litora torquent per conubia nostra, per inceptos himenaeos. Vestibulum eget eros malesuada lacus porta scelerisque. Integer in dolor et metus dictum faucibus sit amet a mauris. Vivamus eget volutpat nulla, non posuere sapien. Vivamus mattis vehicula justo eu faucibus. Nunc eleifend mollis ultricies. Integer elementum ipsum eu nisi sodales, eget ornare quam posuere. Maecenas sit amet sem mattis, porttitor neque ut, molestie velit.
  </div>
  <div
    className="src-shared-components-examples-FontsTest-___styles__roboto-bold___17Gtx"
  >
    <h3>
      Roboto Bold
    </h3>
    Nulla quis cursus orci. Mauris metus enim, volutpat id diam ac, fermentum dapibus augue. Donec mi elit, volutpat eget rutrum non, lobortis ac enim. In tempus iaculis turpis, vitae facilisis quam vehicula eget. Ut blandit, elit at porta vulputate, orci ipsum fermentum nunc, non dignissim lectus metus a velit. In hac habitasse platea dictumst. Mauris tincidunt, sem quis interdum ullamcorper, erat velit interdum lacus, eu tincidunt eros lacus vitae libero.
  </div>
  <div
    className="src-shared-components-examples-FontsTest-___styles__roboto-bold-italic___1wq9Q"
  >
    <h3>
      Roboto Bold Italic
    </h3>
    Donec luctus ligula id augue blandit porta. Orci varius natoque penatibus et magnis dis parturient montes, nascetur ridiculus mus. Cras sem eros, iaculis pulvinar gravida vitae, interdum eu lacus. Praesent rutrum sem a dolor viverra aliquet. Vestibulum dictum tempus fringilla. Pellentesque eu eros elit. Integer fringilla ipsum sed hendrerit rhoncus.
  </div>
  <div
    className="src-shared-components-examples-FontsTest-___styles__roboto-black___10c8I"
  >
    <h3>
      Roboto Black
    </h3>
    In varius nibh elit. Nam nec pretium erat. Duis euismod mi vel massa scelerisque, ut tincidunt urna viverra. Praesent vel libero eros. Etiam a accumsan nulla. Nulla consequat venenatis risus quis accumsan. Etiam placerat pretium faucibus. Proin consequat in ante hendrerit lobortis. Interdum et malesuada fames ac ante ipsum primis in faucibus. Ut eget est tempus, aliquam enim quis, pellentesque erat. Nulla dapibus diam interdum vehicula dignissim. Donec orci velit, varius sed nisi semper, lobortis bibendum neque.
  </div>
  <div
    className="src-shared-components-examples-FontsTest-___styles__roboto-black-italic___3mHrv"
  >
    <h3>
      Roboto Black Italic
    </h3>
    Proin felis velit, suscipit sit amet consequat id, consectetur et lectus. Donec porttitor sollicitudin lorem sed laoreet. Fusce rhoncus mi id nulla cursus mollis. Sed scelerisque et sem id eleifend. Maecenas quis nisi non diam tempor mattis at ut tortor. Ut auctor est odio, id scelerisque massa facilisis in. Suspendisse sollicitudin rutrum porta. Sed at purus eget lacus finibus sagittis. Sed nulla ligula, sagittis quis ipsum vel, finibus feugiat eros. Fusce non enim a lectus imperdiet auctor. Aliquam mattis molestie ante vel dignissim. Orci varius natoque penatibus et magnis dis parturient montes, nascetur ridiculus mus.
  </div>
</div>
`;
