// Jest Snapshot v1, https://goo.gl/fbAQLP

exports[`renders credential section of account setting page correctly 1`] = `
<div
  className="settings-section src-shared-components-Settings-Account-Credential-___styles__credentials___1FM_Q"
>
  <div
    className="section-info"
  >
    <h2>
      Credentials
    </h2>
    <div
      className="description"
    >
      Used to log in to your account and cannot be edited. Please contact support@topcoder.com if you need to make changes.
    </div>
  </div>
  <div
    className="section-fields src-shared-components-Settings-Account-Credential-___styles__section-fields___3lqw4"
  >
    <div
      className="form-label username"
    >
      Username
    </div>
    <input
      className="form-field grey"
      disabled={true}
      name="username"
      value="tcscoder"
    />
    <div
      className="form-label"
    >
      Email
    </div>
    <input
      className="form-field grey"
      disabled={true}
      name="email"
      value="tcscoder@gmail.com"
    />
    <div>
      <form
        name="newPasswordForm"
        noValidate={true}
      >
        <div
          className="form-label"
        >
          Current password
        </div>
        <div
          className="form-field src-shared-components-Settings-Account-Credential-___styles__validation-bar___20izI"
        >
          <div
            className="src-shared-components-Settings-Account-Credential-___styles__password___qv318 src-shared-components-Settings-Account-Credential-___styles__toggle-password___38ak9"
          >
            <input
              className="src-shared-components-Settings-Account-Credential-___styles__password-input___G4PX3"
              id="current-password-input"
              name="currentPassword"
              onBlur={[Function]}
              onChange={[Function]}
              onFocus={[Function]}
              placeholder="Password"
              required={true}
              type="password"
            />
            <label
              htmlFor="currentPasswordCheckbox"
            >
              <input
                id="currentPasswordCheckbox"
                onChange={[Function]}
                type="checkbox"
              />
              Show
            </label>
          </div>
        </div>
        <div
          className="form-label"
        >
          New Password
        </div>
        <div
          className="form-field src-shared-components-Settings-Account-Credential-___styles__validation-bar___20izI"
        >
          <div
            className="src-shared-components-Settings-Account-Credential-___styles__password___qv318 src-shared-components-Settings-Account-Credential-___styles__toggle-password___38ak9"
          >
            <input
              className="src-shared-components-Settings-Account-Credential-___styles__password-input___G4PX3"
              id="new-password-input"
              maxLength="64"
              minLength="8"
              name="password"
              onBlur={[Function]}
              onChange={[Function]}
              onFocus={[Function]}
              placeholder="Create new password"
              required={true}
              type="password"
            />
            <label
              htmlFor="newPasswordCheckbox"
            >
              <input
                id="newPasswordCheckbox"
                onChange={[Function]}
                type="checkbox"
              />
              Show
            </label>
          </div>
          <div
            className="hidden src-shared-components-Settings-Account-Credential-___styles__tips___KL4iB src-shared-components-Settings-Account-Credential-___styles__password-tips___CHTar"
            id="password-tips"
          >
            <div
              className="src-shared-components-Settings-Account-Credential-___styles__arrow___3Vl7Y"
            />
            <h3>
              Your password must have:
            </h3>
            <p
              className=""
            >
              At least 8 characters
            </p>
            <p
              className=""
            >
              At least one letter
            </p>
            <p
              className=""
            >
              At least one number or symbol
            </p>
          </div>
        </div>
        <div
          className="src-shared-components-Settings-Account-Credential-___styles__button-container___34PHE"
        >
          <ThemedButton
            active={false}
            composeAdhocTheme="deeply"
            composeContextTheme="softly"
            disabled={true}
            enforceA={false}
            mapThemrProps={[Function]}
            onClick={[Function]}
            onMouseDown={null}
            openNewTab={false}
            replace={false}
            size={null}
            theme={
              Object {
                "button": "src-shared-components-Settings-Account-Credential-styles___save-password-button___1p4lgx",
              }
            }
            themePriority="adhoc-context-default"
            to={null}
          >
            Change Password
          </ThemedButton>
        </div>
      </form>
    </div>
  </div>
</div>
`;
