// Jest Snapshot v1, https://goo.gl/fbAQLP

exports[`renders correctly with context 1`] = `
<div
  className="src-shared-components-Error404-___style__container___cTZne"
>
  <h1
    className="src-shared-components-Error404-___style__message___AF2BX"
  >
    404 HTTP Error
  </h1>
  <p
    className="src-shared-components-Error404-___style__details___1BHqS"
  >
    The resource you are looking for does not exist in Topcoder community App :(
  </p>
</div>
`;

exports[`renders correctly without context 1`] = `
<div
  className="src-shared-components-Error404-___style__container___cTZne"
>
  <h1
    className="src-shared-components-Error404-___style__message___AF2BX"
  >
    404 HTTP Error
  </h1>
  <p
    className="src-shared-components-Error404-___style__details___1BHqS"
  >
    The resource you are looking for does not exist in Topcoder community App :(
  </p>
</div>
`;
