// Jest Snapshot v1, https://goo.gl/fbAQLP

exports[`Matches shallow shapshot 1`] = `
<SwitchWithLabel
  enabled={false}
  labelAfter=""
  labelBefore=""
  onSwitch={[Function]}
  theme={
    Object {
      "switch": "src-shared-components-SwitchWithLabel-style___switch___2o1UIh",
      "wrapper": "src-shared-components-SwitchWithLabel-style___wrapper___3QaLI6",
    }
  }
/>
`;
