// Jest Snapshot v1, https://goo.gl/fbAQLP

exports[`Matches shallow shapshot shapshot 1 1`] = `
<div
  className="src-shared-components-challenge-detail-Submissions-SubmissionRow-SubmissionHistoryRow-___style__container___1WzuZ"
>
  <div
    className="src-shared-components-challenge-detail-Submissions-SubmissionRow-SubmissionHistoryRow-___style__row___tH5eB src-shared-components-challenge-detail-Submissions-SubmissionRow-SubmissionHistoryRow-___style__no-border___1tHzW"
  >
    <div
      className="src-shared-components-challenge-detail-Submissions-SubmissionRow-SubmissionHistoryRow-___style__col-1___3g3Tt src-shared-components-challenge-detail-Submissions-SubmissionRow-SubmissionHistoryRow-___style__col___2-hjE"
    >
      <div
        className="src-shared-components-challenge-detail-Submissions-SubmissionRow-SubmissionHistoryRow-___style__mobile-header___3NsEQ"
      >
        SUBMISSION
      </div>
      <span>
        1
      </span>
    </div>
    <div
      className="src-shared-components-challenge-detail-Submissions-SubmissionRow-SubmissionHistoryRow-___style__col-2___2KjRa src-shared-components-challenge-detail-Submissions-SubmissionRow-SubmissionHistoryRow-___style__col___2-hjE"
    >
      <div
        className="src-shared-components-challenge-detail-Submissions-SubmissionRow-SubmissionHistoryRow-___style__mobile-header___3NsEQ"
      >
        FINAL SCORE
      </div>
      <div>
        N/A
      </div>
    </div>
    <div
      className="src-shared-components-challenge-detail-Submissions-SubmissionRow-SubmissionHistoryRow-___style__col-3___3MsR- src-shared-components-challenge-detail-Submissions-SubmissionRow-SubmissionHistoryRow-___style__col___2-hjE"
    >
      <div
        className="src-shared-components-challenge-detail-Submissions-SubmissionRow-SubmissionHistoryRow-___style__mobile-header___3NsEQ"
      >
        PROVISIONAL SCORE
      </div>
      <div>
        80
      </div>
    </div>
    <div
      className="src-shared-components-challenge-detail-Submissions-SubmissionRow-SubmissionHistoryRow-___style__col-4___SJw2x src-shared-components-challenge-detail-Submissions-SubmissionRow-SubmissionHistoryRow-___style__col___2-hjE src-shared-components-challenge-detail-Submissions-SubmissionRow-SubmissionHistoryRow-___style__mm___2y_Fx"
    >
      <div
        className="src-shared-components-challenge-detail-Submissions-SubmissionRow-SubmissionHistoryRow-___style__mobile-header___3NsEQ"
      >
        TIME
      </div>
      <div>
        06 Nov 2017
         
        15:49:35
      </div>
    </div>
  </div>
</div>
`;
