// Jest Snapshot v1, https://goo.gl/fbAQLP

exports[`Matches shallow shapshot 1`] = `
<div
  className="src-shared-components-challenge-listing-Sidebar-FiltersEditor-___style__EditMyFilters___1O81H"
>
  <h1>
    My filters
  </h1>
  <ThemedButton
    active={false}
    composeAdhocTheme="deeply"
    composeContextTheme="softly"
    disabled={false}
    enforceA={false}
    mapThemrProps={[Function]}
    onClick={[Function]}
    onMouseDown={null}
    openNewTab={false}
    replace={false}
    size={null}
    theme={
      Object {
        "button": "src-shared-components-challenge-listing-Sidebar-FiltersEditor-style___doneButton___-qp1P-",
      }
    }
    themePriority="adhoc-context-default"
    to={null}
    type="button"
  >
    Done
  </ThemedButton>
  <Item
    changeFilterName={[Function]}
    deleteSavedFilter={[Function]}
    dragSavedFilterMove={[Function]}
    dragSavedFilterStart={[Function]}
    error=""
    name="name"
    resetFilterName={[Function]}
    updateSavedFilter={[Function]}
  />
  <div
    className="src-shared-components-challenge-listing-Sidebar-FiltersEditor-___style__note___24HgZ"
  >
    Drag the filters to set the order you prefer; use the "x" mark to delete the filter(s) you don't need.
  </div>
</div>
`;
