// Jest Snapshot v1, https://goo.gl/fbAQLP

exports[`Matches shallow shapshot 1`] = `
<div
  className="src-shared-components-Dashboard-Header-___styles__container___25R-y"
>
  <h1
    className="src-shared-components-Dashboard-Header-___styles__title___23nd3"
  >
    Dashboard
  </h1>
  <div
    className="src-shared-components-Dashboard-Header-___styles__badges___3OcgA"
  />
</div>
`;
