// Jest Snapshot v1, https://goo.gl/fbAQLP

exports[`Matches shallow shapshot 1`] = `
<table
  className="src-shared-components-Leaderboard-LeaderboardTable-themes-___styles__LeaderboardTable___1jj2W"
>
  <thead>
    <tr
      className="src-shared-components-Leaderboard-LeaderboardTable-themes-___styles__table-header___1b0Eu"
    >
      <th
        className="src-shared-components-Leaderboard-LeaderboardTable-themes-___styles__col-rank___3kfOx"
      >
        Rank
      </th>
      <th
        className="src-shared-components-Leaderboard-LeaderboardTable-themes-___styles__col-handleHeader___2qA9F"
        colSpan="2"
      >
        Handle
      </th>
      <th
        className="src-shared-components-Leaderboard-LeaderboardTable-themes-___styles__col-challenges___293P2"
      >
        # of Challenges
      </th>
      <th
        className="src-shared-components-Leaderboard-LeaderboardTable-themes-___styles__col-points___2-5d7"
      >
        Points
      </th>
    </tr>
  </thead>
  <tbody>
    <tr>
      <td
        className="src-shared-components-Leaderboard-LeaderboardTable-themes-___styles__col-rank___3kfOx"
      >
        1
      </td>
      <td
        className="src-shared-components-Leaderboard-LeaderboardTable-themes-___styles__col-avatar___3VhCz"
      >
        <span
          className="src-shared-components-Leaderboard-LeaderboardTable-themes-___styles__leaderboard-avatar___21pJ3"
        >
          <DefaultAvatar
            data-name="Layer 1"
            viewBox="0 0 33 33.00137"
            xmlns="http://www.w3.org/2000/svg"
          />
        </span>
      </td>
      <td
        className="src-shared-components-Leaderboard-LeaderboardTable-themes-___styles__col-handle___1wDhG"
      >
        <a
          href="undefined/members/undefined/"
          target="_blank"
        />
        <div
          className="src-shared-components-Leaderboard-LeaderboardTable-themes-___styles__winnings-info___PBqQk"
        >
          <span>
            0
             points
          </span>
          <span>
             challenges
          </span>
        </div>
      </td>
      <td
        className="src-shared-components-Leaderboard-LeaderboardTable-themes-___styles__col-challenges___293P2"
      />
      <td
        className="src-shared-components-Leaderboard-LeaderboardTable-themes-___styles__col-points___2-5d7"
      >
        0.00
      </td>
    </tr>
    <tr>
      <td
        className="src-shared-components-Leaderboard-LeaderboardTable-themes-___styles__col-rank___3kfOx"
      >
        1
      </td>
      <td
        className="src-shared-components-Leaderboard-LeaderboardTable-themes-___styles__col-avatar___3VhCz"
      >
        <span
          className="src-shared-components-Leaderboard-LeaderboardTable-themes-___styles__leaderboard-avatar___21pJ3"
        >
          <DefaultAvatar
            data-name="Layer 1"
            viewBox="0 0 33 33.00137"
            xmlns="http://www.w3.org/2000/svg"
          />
        </span>
      </td>
      <td
        className="src-shared-components-Leaderboard-LeaderboardTable-themes-___styles__col-handle___1wDhG"
      >
        <a
          href="undefined/members/undefined/"
          target="_blank"
        />
        <div
          className="src-shared-components-Leaderboard-LeaderboardTable-themes-___styles__winnings-info___PBqQk"
        >
          <span>
            0
             points
          </span>
          <span>
             challenges
          </span>
        </div>
      </td>
      <td
        className="src-shared-components-Leaderboard-LeaderboardTable-themes-___styles__col-challenges___293P2"
      />
      <td
        className="src-shared-components-Leaderboard-LeaderboardTable-themes-___styles__col-points___2-5d7"
      >
        0.00
      </td>
    </tr>
    <tr>
      <td
        className="src-shared-components-Leaderboard-LeaderboardTable-themes-___styles__col-rank___3kfOx"
      >
        1
      </td>
      <td
        className="src-shared-components-Leaderboard-LeaderboardTable-themes-___styles__col-avatar___3VhCz"
      >
        <span
          className="src-shared-components-Leaderboard-LeaderboardTable-themes-___styles__leaderboard-avatar___21pJ3"
        >
          <DefaultAvatar
            data-name="Layer 1"
            viewBox="0 0 33 33.00137"
            xmlns="http://www.w3.org/2000/svg"
          />
        </span>
      </td>
      <td
        className="src-shared-components-Leaderboard-LeaderboardTable-themes-___styles__col-handle___1wDhG"
      >
        <a
          href="undefined/members/undefined/"
          target="_blank"
        />
        <div
          className="src-shared-components-Leaderboard-LeaderboardTable-themes-___styles__winnings-info___PBqQk"
        >
          <span>
            0
             points
          </span>
          <span>
             challenges
          </span>
        </div>
      </td>
      <td
        className="src-shared-components-Leaderboard-LeaderboardTable-themes-___styles__col-challenges___293P2"
      />
      <td
        className="src-shared-components-Leaderboard-LeaderboardTable-themes-___styles__col-points___2-5d7"
      >
        0.00
      </td>
    </tr>
    <tr>
      <td
        className="src-shared-components-Leaderboard-LeaderboardTable-themes-___styles__col-rank___3kfOx"
      >
        1
      </td>
      <td
        className="src-shared-components-Leaderboard-LeaderboardTable-themes-___styles__col-avatar___3VhCz"
      >
        <span
          className="src-shared-components-Leaderboard-LeaderboardTable-themes-___styles__leaderboard-avatar___21pJ3"
        >
          <DefaultAvatar
            data-name="Layer 1"
            viewBox="0 0 33 33.00137"
            xmlns="http://www.w3.org/2000/svg"
          />
        </span>
      </td>
      <td
        className="src-shared-components-Leaderboard-LeaderboardTable-themes-___styles__col-handle___1wDhG"
      >
        <a
          href="undefined/members/undefined/"
          target="_blank"
        />
        <div
          className="src-shared-components-Leaderboard-LeaderboardTable-themes-___styles__winnings-info___PBqQk"
        >
          <span>
            0
             points
          </span>
          <span>
             challenges
          </span>
        </div>
      </td>
      <td
        className="src-shared-components-Leaderboard-LeaderboardTable-themes-___styles__col-challenges___293P2"
      />
      <td
        className="src-shared-components-Leaderboard-LeaderboardTable-themes-___styles__col-points___2-5d7"
      >
        0.00
      </td>
    </tr>
  </tbody>
</table>
`;
