// Jest Snapshot v1, https://goo.gl/fbAQLP

exports[`SubtrackChallengeView matches shallow snapshot 1`] = `
<SubTrackChallengeView
  auth={
    Object {
      "profile": Object {},
    }
  }
  challenges={
    Array [
      Object {
        "allPhases": Array [
          Object {
            "actualEndTime": null,
            "actualStartTime": "2017-12-02T09:01Z",
            "challengeId": 30060905,
            "createdAt": "2017-12-02T02:00Z",
            "createdBy": "22706873",
            "duration": 903600000,
            "fixedStartTime": "2017-12-02T09:00Z",
            "id": 877201,
            "phaseStatus": "Open",
            "phaseType": "Registration",
            "scheduledEndTime": "2017-12-12T20:01Z",
            "scheduledStartTime": "2017-12-02T09:01Z",
            "updatedAt": "2017-12-02T09:53Z",
            "updatedBy": "22841596",
          },
          Object {
            "actualEndTime": "2017-12-02T14:53Z",
            "actualStartTime": "2017-12-02T12:01Z",
            "challengeId": 30060905,
            "createdAt": "2017-12-02T02:00Z",
            "createdBy": "22706873",
            "duration": 86400000,
            "fixedStartTime": null,
            "id": 877202,
            "phaseStatus": "Closed",
            "phaseType": "Iterative Review",
            "scheduledEndTime": "2017-12-02T14:53Z",
            "scheduledStartTime": "2017-12-02T12:01Z",
            "updatedAt": "2017-12-02T09:53Z",
            "updatedBy": "22841596",
          },
          Object {
            "actualEndTime": null,
            "actualStartTime": "2017-12-02T09:09Z",
            "challengeId": 30060905,
            "createdAt": "2017-12-02T02:00Z",
            "createdBy": "22706873",
            "duration": 903300000,
            "fixedStartTime": null,
            "id": 877203,
            "phaseStatus": "Open",
            "phaseType": "Submission",
            "scheduledEndTime": "2017-12-12T20:04Z",
            "scheduledStartTime": "2017-12-02T09:09Z",
            "updatedAt": "2017-12-02T09:53Z",
            "updatedBy": "22841596",
          },
        ],
        "checkpointSubmissionEndDate": null,
        "codeRepo": "",
        "createdAt": "2017-12-02T07:00Z",
        "createdBy": "22706873",
        "currentPhases": Array [
          Object {
            "actualEndTime": null,
            "actualStartTime": "2017-12-02T09:01Z",
            "challengeId": 30060905,
            "createdAt": "2017-12-02T02:00Z",
            "createdBy": "22706873",
            "duration": 903600000,
            "fixedStartTime": "2017-12-02T09:00Z",
            "id": 877201,
            "phaseStatus": "Open",
            "phaseType": "Registration",
            "scheduledEndTime": "2017-12-12T20:01Z",
            "scheduledStartTime": "2017-12-02T09:01Z",
            "updatedAt": "2017-12-02T09:53Z",
            "updatedBy": "22841596",
          },
          Object {
            "actualEndTime": null,
            "actualStartTime": "2017-12-02T09:09Z",
            "challengeId": 30060905,
            "createdAt": "2017-12-02T02:00Z",
            "createdBy": "22706873",
            "duration": 903300000,
            "fixedStartTime": null,
            "id": 877203,
            "phaseStatus": "Open",
            "phaseType": "Submission",
            "scheduledEndTime": "2017-12-12T20:04Z",
            "scheduledStartTime": "2017-12-02T09:09Z",
            "updatedAt": "2017-12-02T09:53Z",
            "updatedBy": "22841596",
          },
        ],
        "drPoints": 0,
        "environment": "",
        "events": Array [
          Object {
            "eventId": 3450,
            "eventName": "tco18",
            "projectId": 30060905,
          },
        ],
        "groupIds": null,
        "handle": "thomaskranitsas",
        "id": 30060905,
        "isPrivate": false,
        "isTask": false,
        "legacy": Object {
          "forumId": 39153,
        },
        "name": "$100 Eaton PX 2.0 Petting Zoo - MDC Web Enhancement F2F Challenge",
        "numOfRegistrants": 8,
        "numOfSubmissions": 3,
        "numberOfCheckpointPrizes": null,
        "platforms": "NodeJS",
        "pointPrizes": null,
        "prizes": Array [
          100,
        ],
        "projectId": 15406,
        "projectName": null,
        "registrationEndDate": "2017-12-12T20:01:00.000Z",
        "registrationStartDate": "2017-12-02T09:01:23.251Z",
        "reliabilityBonus": null,
        "reviewType": "INTERNAL",
        "status": "COMPLETED",
        "subTrack": "FIRST_2_FINISH",
        "submissionEndDate": "2017-12-12T20:04:00.000Z",
        "submissionViewable": false,
        "technologies": "CSS, HTML, JavaScript",
        "totalCheckpointPrize": null,
        "totalPrize": 100,
        "track": "DEVELOP",
        "upcomingPhase": null,
        "updatedAt": "2018-01-19T19:08Z",
        "updatedBy": "22841596",
        "userDetails": Object {
          "hasUserSubmittedForReview": true,
          "roles": Array [
            "Submitter",
          ],
          "submissionReviewScore": 100,
          "submissions": Array [
            Object {
              "challengeId": 30060905,
              "id": 520456,
              "placement": 1,
              "score": 100,
              "status": "Active",
              "submissionImage": null,
              "submittedAt": "2017-12-02T11:57Z",
              "type": "Contest Submission",
            },
          ],
          "winningPlacements": Array [
            Object {
              "amount": 100,
              "challengeId": 30060905,
              "finalScore": 100,
              "placed": 1,
              "submissionId": 520456,
              "submitterId": 40309246,
            },
          ],
        },
        "userId": 40309246,
        "winners": null,
      },
      Object {
        "allPhases": Array [
          Object {
            "actualEndTime": null,
            "actualStartTime": "2017-12-02T09:01Z",
            "challengeId": 30060903,
            "createdAt": "2017-12-02T01:54Z",
            "createdBy": "22706873",
            "duration": 903600000,
            "fixedStartTime": "2017-12-02T09:00Z",
            "id": 877189,
            "phaseStatus": "Open",
            "phaseType": "Registration",
            "scheduledEndTime": "2017-12-12T20:01Z",
            "scheduledStartTime": "2017-12-02T09:01Z",
            "updatedAt": "2017-12-02T09:21Z",
            "updatedBy": "22841596",
          },
          Object {
            "actualEndTime": "2017-12-02T10:25Z",
            "actualStartTime": "2017-12-02T10:13Z",
            "challengeId": 30060903,
            "createdAt": "2017-12-02T01:54Z",
            "createdBy": "22706873",
            "duration": 86400000,
            "fixedStartTime": null,
            "id": 877190,
            "phaseStatus": "Closed",
            "phaseType": "Iterative Review",
            "scheduledEndTime": "2017-12-02T10:25Z",
            "scheduledStartTime": "2017-12-02T10:13Z",
            "updatedAt": "2017-12-02T09:21Z",
            "updatedBy": "22841596",
          },
          Object {
            "actualEndTime": null,
            "actualStartTime": "2017-12-02T09:09Z",
            "challengeId": 30060903,
            "createdAt": "2017-12-02T01:54Z",
            "createdBy": "22706873",
            "duration": 903300000,
            "fixedStartTime": null,
            "id": 877191,
            "phaseStatus": "Open",
            "phaseType": "Submission",
            "scheduledEndTime": "2017-12-12T20:04Z",
            "scheduledStartTime": "2017-12-02T09:09Z",
            "updatedAt": "2017-12-02T09:21Z",
            "updatedBy": "22841596",
          },
          Object {
            "actualEndTime": "2017-12-02T14:21Z",
            "actualStartTime": "2017-12-02T11:13Z",
            "challengeId": 30060903,
            "createdAt": "2017-12-02T05:25Z",
            "createdBy": "22841596",
            "duration": 86400000,
            "fixedStartTime": null,
            "id": 877211,
            "phaseStatus": "Closed",
            "phaseType": "Iterative Review",
            "scheduledEndTime": "2017-12-02T14:21Z",
            "scheduledStartTime": "2017-12-02T11:13Z",
            "updatedAt": "2017-12-02T09:21Z",
            "updatedBy": "22841596",
          },
        ],
        "checkpointSubmissionEndDate": null,
        "codeRepo": "",
        "createdAt": "2017-12-02T06:54Z",
        "createdBy": "22706873",
        "currentPhases": Array [
          Object {
            "actualEndTime": null,
            "actualStartTime": "2017-12-02T09:01Z",
            "challengeId": 30060903,
            "createdAt": "2017-12-02T01:54Z",
            "createdBy": "22706873",
            "duration": 903600000,
            "fixedStartTime": "2017-12-02T09:00Z",
            "id": 877189,
            "phaseStatus": "Open",
            "phaseType": "Registration",
            "scheduledEndTime": "2017-12-12T20:01Z",
            "scheduledStartTime": "2017-12-02T09:01Z",
            "updatedAt": "2017-12-02T09:21Z",
            "updatedBy": "22841596",
          },
          Object {
            "actualEndTime": null,
            "actualStartTime": "2017-12-02T09:09Z",
            "challengeId": 30060903,
            "createdAt": "2017-12-02T01:54Z",
            "createdBy": "22706873",
            "duration": 903300000,
            "fixedStartTime": null,
            "id": 877191,
            "phaseStatus": "Open",
            "phaseType": "Submission",
            "scheduledEndTime": "2017-12-12T20:04Z",
            "scheduledStartTime": "2017-12-02T09:09Z",
            "updatedAt": "2017-12-02T09:21Z",
            "updatedBy": "22841596",
          },
        ],
        "drPoints": 0,
        "environment": "",
        "events": Array [
          Object {
            "eventId": 3450,
            "eventName": "tco18",
            "projectId": 30060903,
          },
        ],
        "groupIds": null,
        "handle": "thomaskranitsas",
        "id": 30060903,
        "isPrivate": false,
        "isTask": false,
        "legacy": Object {
          "forumId": 38951,
        },
        "name": "$100 Eaton PX 2.0 Petting Zoo - ReactJS Enhancement F2F Challenge",
        "numOfRegistrants": 6,
        "numOfSubmissions": 2,
        "numberOfCheckpointPrizes": null,
        "platforms": "NodeJS",
        "pointPrizes": null,
        "prizes": Array [
          100,
        ],
        "projectId": 15406,
        "projectName": null,
        "registrationEndDate": "2017-12-12T20:01:00.000Z",
        "registrationStartDate": "2017-12-02T09:01:21.329Z",
        "reliabilityBonus": null,
        "reviewType": "INTERNAL",
        "status": "COMPLETED",
        "subTrack": "FIRST_2_FINISH",
        "submissionEndDate": "2017-12-12T20:04:00.000Z",
        "submissionViewable": false,
        "technologies": "ReactJS",
        "totalCheckpointPrize": null,
        "totalPrize": 100,
        "track": "DEVELOP",
        "upcomingPhase": null,
        "updatedAt": "2018-01-19T19:08Z",
        "updatedBy": "22841596",
        "userDetails": Object {
          "hasUserSubmittedForReview": true,
          "roles": Array [
            "Submitter",
          ],
          "submissionReviewScore": 100,
          "submissions": Array [
            Object {
              "challengeId": 30060903,
              "id": 520449,
              "placement": 1,
              "score": 0,
              "status": "Failed Review",
              "submissionImage": null,
              "submittedAt": "2017-12-02T10:11Z",
              "type": "Contest Submission",
            },
            Object {
              "challengeId": 30060903,
              "id": 520452,
              "placement": 1,
              "score": 100,
              "status": "Active",
              "submissionImage": null,
              "submittedAt": "2017-12-02T11:11Z",
              "type": "Contest Submission",
            },
          ],
          "winningPlacements": Array [
            Object {
              "amount": 100,
              "challengeId": 30060903,
              "finalScore": 100,
              "placed": 1,
              "submissionId": 520452,
              "submitterId": 40309246,
            },
          ],
        },
        "userId": 40309246,
        "winners": null,
      },
      Object {
        "allPhases": Array [
          Object {
            "actualEndTime": null,
            "actualStartTime": "2017-11-24T13:27Z",
            "challengeId": 30060687,
            "createdAt": "2017-11-24T08:13Z",
            "createdBy": "22706873",
            "duration": 982800000,
            "fixedStartTime": "2017-11-24T05:00Z",
            "id": 875603,
            "phaseStatus": "Open",
            "phaseType": "Registration",
            "scheduledEndTime": "2017-12-05T22:27Z",
            "scheduledStartTime": "2017-11-24T13:27Z",
            "updatedAt": "2017-11-30T02:45Z",
            "updatedBy": "22841596",
          },
          Object {
            "actualEndTime": "2017-11-25T09:41Z",
            "actualStartTime": "2017-11-24T15:57Z",
            "challengeId": 30060687,
            "createdAt": "2017-11-24T08:13Z",
            "createdBy": "22706873",
            "duration": 86400000,
            "fixedStartTime": null,
            "id": 875604,
            "phaseStatus": "Closed",
            "phaseType": "Iterative Review",
            "scheduledEndTime": "2017-11-25T09:41Z",
            "scheduledStartTime": "2017-11-24T15:57Z",
            "updatedAt": "2017-11-30T02:45Z",
            "updatedBy": "22841596",
          },
          Object {
            "actualEndTime": null,
            "actualStartTime": "2017-11-24T13:35Z",
            "challengeId": 30060687,
            "createdAt": "2017-11-24T08:13Z",
            "createdBy": "22706873",
            "duration": 982500000,
            "fixedStartTime": null,
            "id": 875605,
            "phaseStatus": "Open",
            "phaseType": "Submission",
            "scheduledEndTime": "2017-12-05T22:30Z",
            "scheduledStartTime": "2017-11-24T13:35Z",
            "updatedAt": "2017-11-30T02:45Z",
            "updatedBy": "22841596",
          },
          Object {
            "actualEndTime": "2017-11-25T09:49Z",
            "actualStartTime": "2017-11-25T09:45Z",
            "challengeId": 30060687,
            "createdAt": "2017-11-25T04:41Z",
            "createdBy": "22841596",
            "duration": 86400000,
            "fixedStartTime": null,
            "id": 875711,
            "phaseStatus": "Closed",
            "phaseType": "Iterative Review",
            "scheduledEndTime": "2017-11-25T09:49Z",
            "scheduledStartTime": "2017-11-25T09:45Z",
            "updatedAt": "2017-11-30T02:45Z",
            "updatedBy": "22841596",
          },
          Object {
            "actualEndTime": "2017-11-25T09:57Z",
            "actualStartTime": "2017-11-25T09:53Z",
            "challengeId": 30060687,
            "createdAt": "2017-11-25T04:49Z",
            "createdBy": "22841596",
            "duration": 86400000,
            "fixedStartTime": null,
            "id": 875713,
            "phaseStatus": "Closed",
            "phaseType": "Iterative Review",
            "scheduledEndTime": "2017-11-25T09:57Z",
            "scheduledStartTime": "2017-11-25T09:53Z",
            "updatedAt": "2017-11-30T02:45Z",
            "updatedBy": "22841596",
          },
          Object {
            "actualEndTime": "2017-11-25T11:08Z",
            "actualStartTime": "2017-11-25T10:01Z",
            "challengeId": 30060687,
            "createdAt": "2017-11-25T04:57Z",
            "createdBy": "22841596",
            "duration": 86400000,
            "fixedStartTime": null,
            "id": 875715,
            "phaseStatus": "Closed",
            "phaseType": "Iterative Review",
            "scheduledEndTime": "2017-11-25T11:08Z",
            "scheduledStartTime": "2017-11-25T10:01Z",
            "updatedAt": "2017-11-30T02:45Z",
            "updatedBy": "22841596",
          },
          Object {
            "actualEndTime": "2017-11-25T11:24Z",
            "actualStartTime": "2017-11-25T11:12Z",
            "challengeId": 30060687,
            "createdAt": "2017-11-25T06:08Z",
            "createdBy": "22841596",
            "duration": 86400000,
            "fixedStartTime": null,
            "id": 875717,
            "phaseStatus": "Closed",
            "phaseType": "Iterative Review",
            "scheduledEndTime": "2017-11-25T11:24Z",
            "scheduledStartTime": "2017-11-25T11:12Z",
            "updatedAt": "2017-11-30T02:45Z",
            "updatedBy": "22841596",
          },
          Object {
            "actualEndTime": "2017-11-25T11:32Z",
            "actualStartTime": "2017-11-25T11:28Z",
            "challengeId": 30060687,
            "createdAt": "2017-11-25T06:23Z",
            "createdBy": "22841596",
            "duration": 86400000,
            "fixedStartTime": null,
            "id": 875719,
            "phaseStatus": "Closed",
            "phaseType": "Iterative Review",
            "scheduledEndTime": "2017-11-25T11:32Z",
            "scheduledStartTime": "2017-11-25T11:28Z",
            "updatedAt": "2017-11-30T02:45Z",
            "updatedBy": "22841596",
          },
          Object {
            "actualEndTime": "2017-11-25T13:02Z",
            "actualStartTime": "2017-11-25T11:35Z",
            "challengeId": 30060687,
            "createdAt": "2017-11-25T06:32Z",
            "createdBy": "22841596",
            "duration": 86400000,
            "fixedStartTime": null,
            "id": 875721,
            "phaseStatus": "Closed",
            "phaseType": "Iterative Review",
            "scheduledEndTime": "2017-11-25T13:02Z",
            "scheduledStartTime": "2017-11-25T11:35Z",
            "updatedAt": "2017-11-30T02:45Z",
            "updatedBy": "22841596",
          },
          Object {
            "actualEndTime": "2017-11-30T07:01Z",
            "actualStartTime": "2017-11-25T13:06Z",
            "challengeId": 30060687,
            "createdAt": "2017-11-25T08:02Z",
            "createdBy": "22841596",
            "duration": 86400000,
            "fixedStartTime": null,
            "id": 875723,
            "phaseStatus": "Closed",
            "phaseType": "Iterative Review",
            "scheduledEndTime": "2017-11-30T07:01Z",
            "scheduledStartTime": "2017-11-25T13:06Z",
            "updatedAt": "2017-11-30T02:45Z",
            "updatedBy": "22841596",
          },
          Object {
            "actualEndTime": "2017-11-30T07:17Z",
            "actualStartTime": "2017-11-30T07:05Z",
            "challengeId": 30060687,
            "createdAt": "2017-11-30T02:01Z",
            "createdBy": "22841596",
            "duration": 86400000,
            "fixedStartTime": null,
            "id": 876679,
            "phaseStatus": "Closed",
            "phaseType": "Iterative Review",
            "scheduledEndTime": "2017-11-30T07:17Z",
            "scheduledStartTime": "2017-11-30T07:05Z",
            "updatedAt": "2017-11-30T02:45Z",
            "updatedBy": "22841596",
          },
          Object {
            "actualEndTime": "2017-11-30T07:29Z",
            "actualStartTime": "2017-11-30T07:21Z",
            "challengeId": 30060687,
            "createdAt": "2017-11-30T02:17Z",
            "createdBy": "22841596",
            "duration": 86400000,
            "fixedStartTime": null,
            "id": 876851,
            "phaseStatus": "Closed",
            "phaseType": "Iterative Review",
            "scheduledEndTime": "2017-11-30T07:29Z",
            "scheduledStartTime": "2017-11-30T07:21Z",
            "updatedAt": "2017-11-30T02:45Z",
            "updatedBy": "22841596",
          },
          Object {
            "actualEndTime": "2017-11-30T07:37Z",
            "actualStartTime": "2017-11-30T07:33Z",
            "challengeId": 30060687,
            "createdAt": "2017-11-30T02:29Z",
            "createdBy": "22841596",
            "duration": 86400000,
            "fixedStartTime": null,
            "id": 876853,
            "phaseStatus": "Closed",
            "phaseType": "Iterative Review",
            "scheduledEndTime": "2017-11-30T07:37Z",
            "scheduledStartTime": "2017-11-30T07:33Z",
            "updatedAt": "2017-11-30T02:45Z",
            "updatedBy": "22841596",
          },
          Object {
            "actualEndTime": "2017-11-30T07:45Z",
            "actualStartTime": "2017-11-30T07:41Z",
            "challengeId": 30060687,
            "createdAt": "2017-11-30T02:37Z",
            "createdBy": "22841596",
            "duration": 86400000,
            "fixedStartTime": null,
            "id": 876855,
            "phaseStatus": "Closed",
            "phaseType": "Iterative Review",
            "scheduledEndTime": "2017-11-30T07:45Z",
            "scheduledStartTime": "2017-11-30T07:41Z",
            "updatedAt": "2017-11-30T02:45Z",
            "updatedBy": "22841596",
          },
        ],
        "checkpointSubmissionEndDate": null,
        "codeRepo": "",
        "createdAt": "2017-11-24T13:13Z",
        "createdBy": "22706873",
        "currentPhases": Array [
          Object {
            "actualEndTime": null,
            "actualStartTime": "2017-11-24T13:27Z",
            "challengeId": 30060687,
            "createdAt": "2017-11-24T08:13Z",
            "createdBy": "22706873",
            "duration": 982800000,
            "fixedStartTime": "2017-11-24T05:00Z",
            "id": 875603,
            "phaseStatus": "Open",
            "phaseType": "Registration",
            "scheduledEndTime": "2017-12-05T22:27Z",
            "scheduledStartTime": "2017-11-24T13:27Z",
            "updatedAt": "2017-11-30T02:45Z",
            "updatedBy": "22841596",
          },
          Object {
            "actualEndTime": null,
            "actualStartTime": "2017-11-24T13:35Z",
            "challengeId": 30060687,
            "createdAt": "2017-11-24T08:13Z",
            "createdBy": "22706873",
            "duration": 982500000,
            "fixedStartTime": null,
            "id": 875605,
            "phaseStatus": "Open",
            "phaseType": "Submission",
            "scheduledEndTime": "2017-12-05T22:30Z",
            "scheduledStartTime": "2017-11-24T13:35Z",
            "updatedAt": "2017-11-30T02:45Z",
            "updatedBy": "22841596",
          },
        ],
        "drPoints": 0,
        "environment": "",
        "events": Array [
          Object {
            "eventId": 3450,
            "eventName": "tco18",
            "projectId": 30060687,
          },
        ],
        "groupIds": null,
        "handle": "thomaskranitsas",
        "id": 30060687,
        "isPrivate": false,
        "isTask": false,
        "legacy": Object {
          "forumId": 38951,
        },
        "name": "$500 BG800 Online Course Mock Rest API F2F Challenge",
        "numOfRegistrants": 18,
        "numOfSubmissions": 14,
        "numberOfCheckpointPrizes": null,
        "platforms": "Heroku",
        "pointPrizes": null,
        "prizes": Array [
          500,
        ],
        "projectId": 15956,
        "projectName": null,
        "registrationEndDate": "2017-12-05T22:27:00.000Z",
        "registrationStartDate": "2017-11-24T13:27:44.751Z",
        "reliabilityBonus": null,
        "reviewType": "INTERNAL",
        "status": "COMPLETED",
        "subTrack": "FIRST_2_FINISH",
        "submissionEndDate": "2017-12-05T22:30:00.000Z",
        "submissionViewable": false,
        "technologies": "Angular 2+, Express, JSON, Node.js",
        "totalCheckpointPrize": null,
        "totalPrize": 500,
        "track": "DEVELOP",
        "upcomingPhase": null,
        "updatedAt": "2018-01-19T19:08Z",
        "updatedBy": "22841596",
        "userDetails": Object {
          "hasUserSubmittedForReview": true,
          "roles": Array [
            "Submitter",
          ],
          "submissionReviewScore": 100,
          "submissions": Array [
            Object {
              "challengeId": 30060687,
              "id": 520271,
              "placement": 1,
              "score": 0,
              "status": "Failed Review",
              "submissionImage": null,
              "submittedAt": "2017-11-24T16:00Z",
              "type": "Contest Submission",
            },
            Object {
              "challengeId": 30060687,
              "id": 246090,
              "placement": 1,
              "score": 0,
              "status": "Failed Review",
              "submissionImage": null,
              "submittedAt": "2017-11-25T09:57Z",
              "type": "Contest Submission",
            },
            Object {
              "challengeId": 30060687,
              "id": 246091,
              "placement": 1,
              "score": 0,
              "status": "Failed Review",
              "submissionImage": null,
              "submittedAt": "2017-11-25T10:33Z",
              "type": "Contest Submission",
            },
            Object {
              "challengeId": 30060687,
              "id": 246092,
              "placement": 1,
              "score": 0,
              "status": "Failed Review",
              "submissionImage": null,
              "submittedAt": "2017-11-25T11:33Z",
              "type": "Contest Submission",
            },
            Object {
              "challengeId": 30060687,
              "id": 246093,
              "placement": 1,
              "score": 100,
              "status": "Active",
              "submissionImage": null,
              "submittedAt": "2017-11-25T13:36Z",
              "type": "Contest Submission",
            },
          ],
          "winningPlacements": Array [
            Object {
              "amount": 500,
              "challengeId": 30060687,
              "finalScore": 100,
              "placed": 1,
              "submissionId": 246093,
              "submitterId": 40309246,
            },
          ],
        },
        "userId": 40309246,
        "winners": null,
      },
      Object {
        "allPhases": Array [
          Object {
            "actualEndTime": null,
            "actualStartTime": "2017-11-11T02:02Z",
            "challengeId": 30060425,
            "createdAt": "2017-11-10T19:38Z",
            "createdBy": "40140108",
            "duration": 864000000,
            "fixedStartTime": "2017-11-11T02:02Z",
            "id": 873509,
            "phaseStatus": "Open",
            "phaseType": "Registration",
            "scheduledEndTime": "2017-11-21T02:02Z",
            "scheduledStartTime": "2017-11-11T02:02Z",
            "updatedAt": "2017-11-14T09:27Z",
            "updatedBy": "22841596",
          },
          Object {
            "actualEndTime": "2017-11-12T09:52Z",
            "actualStartTime": "2017-11-11T13:58Z",
            "challengeId": 30060425,
            "createdAt": "2017-11-10T19:38Z",
            "createdBy": "40140108",
            "duration": 86400000,
            "fixedStartTime": null,
            "id": 873510,
            "phaseStatus": "Closed",
            "phaseType": "Iterative Review",
            "scheduledEndTime": "2017-11-12T09:52Z",
            "scheduledStartTime": "2017-11-11T13:58Z",
            "updatedAt": "2017-11-14T09:27Z",
            "updatedBy": "22841596",
          },
          Object {
            "actualEndTime": null,
            "actualStartTime": "2017-11-11T02:10Z",
            "challengeId": 30060425,
            "createdAt": "2017-11-10T19:38Z",
            "createdBy": "40140108",
            "duration": 863580000,
            "fixedStartTime": null,
            "id": 873511,
            "phaseStatus": "Open",
            "phaseType": "Submission",
            "scheduledEndTime": "2017-11-21T02:03Z",
            "scheduledStartTime": "2017-11-11T02:10Z",
            "updatedAt": "2017-11-14T09:27Z",
            "updatedBy": "22841596",
          },
          Object {
            "actualEndTime": "2017-11-13T22:06Z",
            "actualStartTime": "2017-11-12T14:09Z",
            "challengeId": 30060425,
            "createdAt": "2017-11-12T04:52Z",
            "createdBy": "22841596",
            "duration": 172800000,
            "fixedStartTime": null,
            "id": 873581,
            "phaseStatus": "Closed",
            "phaseType": "Iterative Review",
            "scheduledEndTime": "2017-11-13T22:06Z",
            "scheduledStartTime": "2017-11-12T14:09Z",
            "updatedAt": "2017-11-14T09:27Z",
            "updatedBy": "22841596",
          },
          Object {
            "actualEndTime": "2017-11-14T14:27Z",
            "actualStartTime": "2017-11-13T22:25Z",
            "challengeId": 30060425,
            "createdAt": "2017-11-13T17:06Z",
            "createdBy": "22841596",
            "duration": 172800000,
            "fixedStartTime": null,
            "id": 873685,
            "phaseStatus": "Closed",
            "phaseType": "Iterative Review",
            "scheduledEndTime": "2017-11-14T14:27Z",
            "scheduledStartTime": "2017-11-13T22:25Z",
            "updatedAt": "2017-11-14T09:27Z",
            "updatedBy": "22841596",
          },
        ],
        "checkpointSubmissionEndDate": null,
        "codeRepo": "",
        "createdAt": "2017-11-11T00:38Z",
        "createdBy": "40140108",
        "currentPhases": Array [
          Object {
            "actualEndTime": null,
            "actualStartTime": "2017-11-11T02:02Z",
            "challengeId": 30060425,
            "createdAt": "2017-11-10T19:38Z",
            "createdBy": "40140108",
            "duration": 864000000,
            "fixedStartTime": "2017-11-11T02:02Z",
            "id": 873509,
            "phaseStatus": "Open",
            "phaseType": "Registration",
            "scheduledEndTime": "2017-11-21T02:02Z",
            "scheduledStartTime": "2017-11-11T02:02Z",
            "updatedAt": "2017-11-14T09:27Z",
            "updatedBy": "22841596",
          },
          Object {
            "actualEndTime": null,
            "actualStartTime": "2017-11-11T02:10Z",
            "challengeId": 30060425,
            "createdAt": "2017-11-10T19:38Z",
            "createdBy": "40140108",
            "duration": 863580000,
            "fixedStartTime": null,
            "id": 873511,
            "phaseStatus": "Open",
            "phaseType": "Submission",
            "scheduledEndTime": "2017-11-21T02:03Z",
            "scheduledStartTime": "2017-11-11T02:10Z",
            "updatedAt": "2017-11-14T09:27Z",
            "updatedBy": "22841596",
          },
        ],
        "drPoints": null,
        "environment": "",
        "events": Array [
          Object {
            "eventId": 3450,
            "eventName": "tco18",
            "projectId": 30060425,
          },
        ],
        "groupIds": null,
        "handle": "thomaskranitsas",
        "id": 30060425,
        "isPrivate": false,
        "isTask": false,
        "legacy": Object {
          "forumId": 38702,
        },
        "name": "John Hancock - Giving Tuesday - General image handling",
        "numOfRegistrants": 17,
        "numOfSubmissions": 3,
        "numberOfCheckpointPrizes": null,
        "platforms": "Other",
        "pointPrizes": null,
        "prizes": Array [
          250,
        ],
        "projectId": 15786,
        "projectName": null,
        "registrationEndDate": "2017-11-21T02:02:00.000Z",
        "registrationStartDate": "2017-11-11T02:02:21.127Z",
        "reliabilityBonus": null,
        "reviewType": "INTERNAL",
        "status": "COMPLETED",
        "subTrack": "FIRST_2_FINISH",
        "submissionEndDate": "2017-11-21T02:03:00.000Z",
        "submissionViewable": false,
        "technologies": "JavaScript, ReactJS",
        "totalCheckpointPrize": null,
        "totalPrize": 250,
        "track": "DEVELOP",
        "upcomingPhase": null,
        "updatedAt": "2017-11-14T14:27Z",
        "updatedBy": "22841596",
        "userDetails": Object {
          "hasUserSubmittedForReview": true,
          "roles": Array [
            "Submitter",
          ],
          "submissionReviewScore": 100,
          "submissions": Array [
            Object {
              "challengeId": 30060425,
              "id": 519841,
              "placement": 1,
              "score": 0,
              "status": "Failed Review",
              "submissionImage": null,
              "submittedAt": "2017-11-11T13:56Z",
              "type": "Contest Submission",
            },
            Object {
              "challengeId": 30060425,
              "id": 245361,
              "placement": 1,
              "score": 0,
              "status": "Failed Review",
              "submissionImage": null,
              "submittedAt": "2017-11-12T14:06Z",
              "type": "Contest Submission",
            },
            Object {
              "challengeId": 30060425,
              "id": 245457,
              "placement": 1,
              "score": 100,
              "status": "Active",
              "submissionImage": null,
              "submittedAt": "2017-11-13T22:25Z",
              "type": "Contest Submission",
            },
          ],
          "winningPlacements": Array [
            Object {
              "amount": 250,
              "challengeId": 30060425,
              "finalScore": 100,
              "placed": 1,
              "submissionId": 245457,
              "submitterId": 40309246,
            },
          ],
        },
        "userId": 40309246,
        "winners": null,
      },
    ]
  }
  challengesHasMore={null}
  handle="thomaskranitsas"
  isAlreadyLoadChallenge={
    Object {
      "current": false,
    }
  }
  loadMarathon={[Function]}
  loadSRM={[Function]}
  loadSubtrackChallenges={[Function]}
  loadingMarathonUUID={null}
  loadingSRMUUID={null}
  loadingSubTrackChallengesUUID=""
  store={
    Object {
      "dispatch": [Function],
      "getState": [Function],
      "subscribe": [Function],
    }
  }
  storeSubscription={
    Subscription {
      "listeners": Object {
        "notify": [Function],
      },
      "onStateChange": [Function],
      "parentSub": undefined,
      "store": Object {
        "dispatch": [Function],
        "getState": [Function],
        "subscribe": [Function],
      },
      "unsubscribe": null,
    }
  }
  subTrack="FIRST_2_FINISH"
  track="DEVELOP"
  userId={12345}
  userMarathonHasMore={null}
  userMarathons={null}
  userSrmHasMore={null}
  userSrms={null}
/>
`;
