// Jest Snapshot v1, https://goo.gl/fbAQLP

exports[`renders existing links section of profile setting page correctly 1`] = `
<div
  className="src-shared-components-Settings-Profile-ExternalLinks-___styles__existing-links___2svn-"
>
  <div
    className="src-shared-components-Settings-Profile-ExternalLinks-___styles__external-link-list___1xMgi"
  />
</div>
`;
