// Jest Snapshot v1, https://goo.gl/fbAQLP

exports[`renders existing link of profile setting page correctly 1`] = `
<div
  className="src-shared-components-Settings-Profile-ExternalLinks-___styles__external-link-tile___1gY4C"
  onClick={[Function]}
  role="link"
>
  <div
    className="src-shared-components-Settings-Profile-ExternalLinks-___styles__top___2nhjS"
  >
    <div
      className="src-shared-components-Settings-Profile-ExternalLinks-___styles__ext-link-tile_edit-header___2d8cP"
    >
      <div
        className="src-shared-components-Settings-Profile-ExternalLinks-___styles__ext-link-tile_edit-header_delete___1099F"
        onClick={[Function]}
        prevent-event-propagation="true"
        role="button"
      />
    </div>
    <div
      className="src-shared-components-Settings-Profile-ExternalLinks-___styles__logo___3LsVL"
    >
      <i
        className="fa fa-globe src-shared-components-Settings-Profile-ExternalLinks-___styles__fa-globe___QYxcT"
      />
    </div>
    <h2>
      weblink
    </h2>
  </div>
  <div
    className="src-shared-components-Settings-Profile-ExternalLinks-___styles__bottom___7gGxm"
  >
    <div>
      <p
        className="src-shared-components-Settings-Profile-ExternalLinks-___styles__link-title___2cH7f"
        data-ellipsis=""
      />
      <p
        className="hidden src-shared-components-Settings-Profile-ExternalLinks-___styles__link-title___2cH7f"
      >
        Loading data. This will take a few minutes.
      </p>
      <a
        className="src-shared-components-Settings-Profile-ExternalLinks-___styles__link-url___iTWnA"
        href="http://www.google.com"
        id="link-url"
        prevent-event-propagation="true"
        rel="noopener noreferrer"
        target="_blank"
      >
        http://www.google.com
      </a>
    </div>
  </div>
</div>
`;
