// Jest Snapshot v1, https://goo.gl/fbAQLP

exports[`renders tab bar correctly 1`] = `
<nav
  className="src-shared-components-Settings-TabBar-___styles__settings-tab___3G_Kf"
>
  <ul>
    <li>
      <a
        className="src-shared-components-Settings-TabBar-___styles__active-tab___2CNZI"
        onClick={[Function]}
        onKeyPress={[Function]}
        role="link"
        tabIndex={0}
      >
        Profile
      </a>
    </li>
    <li>
      <a
        className=""
        onClick={[Function]}
        onKeyPress={[Function]}
        role="link"
        tabIndex={0}
      >
        Account
      </a>
    </li>
    <li>
      <a
        className=""
        onClick={[Function]}
        onKeyPress={[Function]}
        role="link"
        tabIndex={0}
      >
        Email
      </a>
    </li>
    <li>
      <a
        className=""
        onClick={[Function]}
        onKeyPress={[Function]}
        role="link"
        tabIndex={0}
      >
        Preferences
      </a>
    </li>
  </ul>
</nav>
`;
