// Jest Snapshot v1, https://goo.gl/fbAQLP

exports[`Snapshot match 1`] = `
<Accordion
  defaultSelectedIndex={0}
  theme={
    Object {
      "container": "src-shared-components-tc-communities-Accordion-Accordion-style___container___2y_cCw",
      "content": "src-shared-components-tc-communities-Accordion-Accordion-style___content___39ka7V",
      "title": "src-shared-components-tc-communities-Accordion-Accordion-style___title___2jqCRo",
      "titleList": "src-shared-components-tc-communities-Accordion-Accordion-style___titleList___1AJq5M",
      "titleListItem": "src-shared-components-tc-communities-Accordion-Accordion-style___titleListItem___3MrXcr",
      "titleListItemSelected": "src-shared-components-tc-communities-Accordion-Accordion-style___titleListItemSelected___2EAYnl",
    }
  }
>
  <ThemedAccordionItem
    composeAdhocTheme="deeply"
    composeContextTheme="softly"
    isOpen={false}
    mapThemrProps={[Function]}
    onTitleClick={[Function]}
    theme={Object {}}
    themePriority="adhoc-context-default"
    title="Test title"
  >
    <div>
      Test content
    </div>
  </ThemedAccordionItem>
</Accordion>
`;
